// Jest Snapshot v1, https://goo.gl/fbAQLP

exports[`Button component it should render snapshot button component 1`] = `
<DocumentFragment>
  <button
    type="submit"
  />
</DocumentFragment>
`;
